\BOOKMARK [0][-]{part.1}{\376\377\000I\000\040\000T\000h\000e\000\040\000p\000r\000o\000b\000l\000e\000m}{}% 1
\BOOKMARK [1][-]{section.1}{\376\377\000I\000n\000t\000r\000o\000d\000u\000c\000t\000i\000o\000n}{part.1}% 2
\BOOKMARK [2][-]{subsection.1.1}{\376\377\000T\000h\000e\000\040\000q\000u\000e\000s\000t\000i\000o\000n}{section.1}% 3
\BOOKMARK [2][-]{subsection.1.2}{\376\377\000T\000h\000e\000\040\000e\000l\000e\000m\000e\000n\000t\000a\000r\000y\000\040\000o\000b\000s\000e\000r\000v\000a\000t\000i\000o\000n}{section.1}% 4
\BOOKMARK [2][-]{subsection.1.3}{\376\377\000W\000h\000a\000t\000\040\000t\000h\000i\000s\000\040\000p\000a\000p\000e\000r\000\040\000d\000o\000e\000s}{section.1}% 5
\BOOKMARK [2][-]{subsection.1.4}{\376\377\000W\000h\000a\000t\000\040\000t\000h\000i\000s\000\040\000p\000a\000p\000e\000r\000\040\000d\000o\000e\000s\000\040\000n\000o\000t\000\040\000d\000o}{section.1}% 6
\BOOKMARK [0][-]{part.2}{\376\377\000I\000I\000\040\000F\000o\000u\000n\000d\000a\000t\000i\000o\000n\000s}{}% 7
\BOOKMARK [1][-]{section.2}{\376\377\000C\000o\000n\000t\000a\000c\000t\000\040\000g\000r\000a\000p\000h\000s}{part.2}% 8
\BOOKMARK [1][-]{section.3}{\376\377\000T\000h\000e\000\040\000f\000l\000o\000o\000r}{part.2}% 9
\BOOKMARK [2][-]{subsection.3.1}{\376\377\000N\000o\000n\000-\000c\000o\000m\000p\000l\000e\000t\000a\000b\000i\000l\000i\000t\000y}{section.3}% 10
\BOOKMARK [2][-]{subsection.3.2}{\376\377\000S\000t\000a\000b\000i\000l\000i\000t\000y\000\040\000o\000f\000\040\000t\000h\000e\000\040\000f\000l\000o\000o\000r\000\040\000u\000n\000d\000e\000r\000\040\000e\000x\000p\000a\000n\000s\000i\000o\000n}{section.3}% 11
\BOOKMARK [1][-]{section.4}{\376\377\000I\000d\000e\000n\000t\000i\000t\000y\000,\000\040\000a\000n\000d\000\040\000w\000h\000y\000\040\000l\000a\000b\000e\000l\000s\000\040\000c\000a\000r\000r\000y\000\040\000n\000o\000n\000e}{part.2}% 12
\BOOKMARK [0][-]{part.3}{\376\377\000I\000I\000I\000\040\000F\000u\000n\000c\000t\000i\000o\000n}{}% 13
\BOOKMARK [1][-]{section.5}{\376\377\000F\000u\000n\000c\000t\000i\000o\000n\000\040\000i\000s\000\040\000r\000e\000c\000e\000i\000v\000e\000r\000-\000r\000e\000l\000a\000t\000i\000v\000e}{part.3}% 14
\BOOKMARK [2][-]{subsection.5.1}{\376\377\000R\000e\000c\000e\000i\000v\000e\000r\000s}{section.5}% 15
\BOOKMARK [2][-]{subsection.5.2}{\376\377\000T\000h\000e\000\040\000c\000i\000r\000c\000u\000l\000a\000r\000i\000t\000y\000\040\000o\000f\000\040\000a\000n\000n\000o\000t\000a\000t\000i\000o\000n\000\040\000b\000y\000\040\000a\000s\000s\000a\000y}{section.5}% 16
\BOOKMARK [0][-]{part.4}{\376\377\000I\000V\000\040\000T\000h\000e\000\040\000c\000r\000i\000t\000e\000r\000i\000o\000n}{}% 17
\BOOKMARK [1][-]{section.6}{\376\377\000A\000l\000i\000g\000n\000m\000e\000n\000t\000\040\000a\000s\000\040\000d\000e\000m\000a\000n\000d\000,\000\040\000n\000o\000t\000\040\000a\000s\000\040\000c\000o\000n\000t\000e\000n\000t}{part.4}% 18
\BOOKMARK [2][-]{subsection.6.1}{\376\377\000A\000l\000i\000g\000n\000m\000e\000n\000t\000\040\000a\000n\000d\000\040\000d\000i\000s\000t\000a\000n\000c\000e\000\040\000t\000o\000\040\000t\000h\000e\000\040\000f\000l\000o\000o\000r}{section.6}% 19
\BOOKMARK [2][-]{subsection.6.2}{\376\377\000C\000o\000l\000u\000m\000n\000s\000,\000\040\000a\000n\000c\000h\000o\000r\000s\000,\000\040\000a\000n\000d\000\040\000r\000e\000s\000i\000d\000u\000e}{section.6}% 20
\BOOKMARK [2][-]{subsection.6.3}{\376\377\000T\000h\000e\000\040\000r\000e\000l\000a\000x\000a\000t\000i\000o\000n}{section.6}% 21
\BOOKMARK [1][-]{section.7}{\376\377\000F\000o\000u\000r\000-\000c\000o\000l\000u\000m\000n\000\040\000a\000l\000i\000g\000n\000m\000e\000n\000t}{part.4}% 22
\BOOKMARK [2][-]{subsection.7.1}{\376\377\000T\000h\000e\000\040\000l\000o\000a\000d\000-\000b\000e\000a\000r\000i\000n\000g\000\040\000a\000s\000s\000u\000m\000p\000t\000i\000o\000n}{section.7}% 23
\BOOKMARK [0][-]{part.5}{\376\377\000V\000\040\000A\000l\000g\000o\000r\000i\000t\000h\000m\000,\000\040\000p\000r\000e\000d\000i\000c\000t\000i\000o\000n\000s\000,\000\040\000l\000i\000m\000i\000t\000s}{}% 24
\BOOKMARK [1][-]{section.8}{\376\377\000A\000l\000g\000o\000r\000i\000t\000h\000m\000\040\000a\000n\000d\000\040\000c\000o\000m\000p\000l\000e\000x\000i\000t\000y}{part.5}% 25
\BOOKMARK [1][-]{section.9}{\376\377\000P\000r\000e\000d\000i\000c\000t\000i\000o\000n\000s\000\040\000a\000n\000d\000\040\000t\000h\000e\000\040\000d\000e\000c\000i\000s\000i\000v\000e\000\040\000e\000x\000p\000e\000r\000i\000m\000e\000n\000t}{part.5}% 26
\BOOKMARK [2][-]{subsection.9.1}{\376\377\000T\000h\000e\000\040\000e\000x\000p\000e\000r\000i\000m\000e\000n\000t\000\040\000t\000h\000a\000t\000\040\000d\000e\000c\000i\000d\000e\000s\000\040\000a\000s\000s\000:\000r\000e\000s\000p\000i\000n\000d}{section.9}% 27
\BOOKMARK [1][-]{section.10}{\376\377\000C\000o\000m\000p\000u\000t\000a\000t\000i\000o\000n\000a\000l\000\040\000v\000a\000l\000i\000d\000a\000t\000i\000o\000n}{part.5}% 28
\BOOKMARK [2][-]{subsection.10.1}{\376\377\000T\000h\000e\000\040\000r\000e\000s\000p\000o\000n\000s\000e\000-\000i\000n\000d\000e\000p\000e\000n\000d\000e\000n\000c\000e\000\040\000m\000e\000a\000s\000u\000r\000e\000m\000e\000n\000t}{section.10}% 29
\BOOKMARK [1][-]{section.11}{\376\377\000L\000i\000m\000i\000t\000a\000t\000i\000o\000n\000s}{part.5}% 30
\BOOKMARK [1][-]{section.12}{\376\377\000R\000e\000l\000a\000t\000i\000o\000n\000\040\000t\000o\000\040\000e\000x\000i\000s\000t\000i\000n\000g\000\040\000a\000p\000p\000r\000o\000a\000c\000h\000e\000s}{part.5}% 31
\BOOKMARK [1][-]{section.13}{\376\377\000C\000o\000n\000c\000l\000u\000s\000i\000o\000n}{part.5}% 32
