\BOOKMARK [1][-]{section.1}{\376\377\000I\000n\000t\000r\000o\000d\000u\000c\000t\000i\000o\000n}{}% 1
\BOOKMARK [2][-]{subsection.1.1}{\376\377\000T\000h\000r\000e\000e\000\040\000p\000a\000i\000r\000s\000\040\000o\000f\000\040\000r\000e\000c\000o\000r\000d\000s}{section.1}% 2
\BOOKMARK [2][-]{subsection.1.2}{\376\377\000C\000o\000n\000t\000e\000n\000t\000\040\000a\000n\000d\000\040\000g\000r\000o\000u\000n\000d\000;\000\040\000i\000n\000s\000i\000d\000e\000\040\000a\000n\000d\000\040\000o\000u\000t\000s\000i\000d\000e}{section.1}% 3
\BOOKMARK [2][-]{subsection.1.3}{\376\377\000W\000h\000a\000t\000\040\000t\000h\000i\000s\000\040\000p\000a\000p\000e\000r\000\040\000s\000h\000o\000w\000s}{section.1}% 4
\BOOKMARK [2][-]{subsection.1.4}{\376\377\000W\000h\000a\000t\000\040\000i\000s\000\040\000n\000o\000t\000\040\000c\000l\000a\000i\000m\000e\000d}{section.1}% 5
\BOOKMARK [1][-]{section.2}{\376\377\000S\000e\000m\000i\000o\000t\000i\000c\000\040\000p\000r\000e\000l\000i\000m\000i\000n\000a\000r\000i\000e\000s}{}% 6
\BOOKMARK [1][-]{section.3}{\376\377\000G\000e\000n\000o\000t\000y\000p\000e\000\040\000c\000a\000l\000l\000s\000\040\000a\000s\000\040\000t\000h\000r\000e\000e\000-\000v\000a\000l\000u\000e\000d\000\040\000d\000i\000s\000t\000i\000n\000c\000t\000i\000o\000n\000s}{}% 7
\BOOKMARK [2][-]{subsection.3.1}{\376\377\000F\000a\000c\000e\000t\000s\000,\000\040\000d\000i\000s\000t\000i\000n\000c\000t\000i\000o\000n\000s\000,\000\040\000s\000t\000a\000t\000u\000s\000e\000s}{section.3}% 8
\BOOKMARK [2][-]{subsection.3.2}{\376\377\000G\000r\000o\000w\000t\000h}{section.3}% 9
\BOOKMARK [2][-]{subsection.3.3}{\376\377\000F\000o\000u\000r\000\040\000e\000m\000i\000s\000s\000i\000o\000n\000s\000\040\000o\000f\000\040\000o\000n\000e\000\040\000c\000o\000h\000o\000r\000t}{section.3}% 10
\BOOKMARK [2][-]{subsection.3.4}{\376\377\000N\000e\000s\000t\000s\000,\000\040\000l\000e\000t\000t\000e\000r\000s\000\040\000a\000n\000d\000\040\000c\000e\000l\000l\000s}{section.3}% 11
\BOOKMARK [1][-]{section.4}{\376\377\000I\000d\000e\000n\000t\000i\000f\000i\000e\000r\000-\000b\000l\000i\000n\000d\000\040\000q\000u\000e\000r\000i\000e\000s\000\040\000a\000n\000d\000\040\000o\000r\000b\000i\000t\000s}{}% 12
\BOOKMARK [2][-]{subsection.4.1}{\376\377\000T\000e\000r\000m\000s\000,\000\040\000g\000r\000a\000p\000h\000s\000,\000\040\000r\000e\000n\000a\000m\000i\000n\000g\000s}{section.4}% 13
\BOOKMARK [2][-]{subsection.4.2}{\376\377\000T\000h\000e\000\040\000f\000r\000a\000g\000m\000e\000n\000t}{section.4}% 14
\BOOKMARK [2][-]{subsection.4.3}{\376\377\000O\000r\000b\000i\000t\000s}{section.4}% 15
\BOOKMARK [1][-]{section.5}{\376\377\000R\000e\000c\000e\000i\000v\000e\000r\000s}{}% 16
\BOOKMARK [2][-]{subsection.5.1}{\376\377\000S\000c\000h\000e\000m\000a\000s}{section.5}% 17
\BOOKMARK [1][-]{section.6}{\376\377\000S\000e\000m\000i\000o\000t\000i\000c\000\040\000v\000e\000r\000d\000i\000c\000t\000s}{}% 18
\BOOKMARK [2][-]{subsection.6.1}{\376\377\000T\000w\000o\000\040\000g\000e\000n\000o\000m\000i\000c\000\040\000d\000e\000c\000l\000a\000r\000a\000t\000i\000o\000n\000s}{section.6}% 19
\BOOKMARK [1][-]{section.7}{\376\377\000T\000w\000i\000n\000s\000:\000\040\000a\000\040\000s\000e\000q\000u\000e\000n\000c\000e\000d\000\040\000c\000a\000l\000l\000\040\000a\000n\000d\000\040\000a\000n\000\040\000i\000m\000p\000u\000t\000e\000d\000\040\000o\000n\000e}{}% 20
\BOOKMARK [1][-]{section.8}{\376\377\000I\000d\000e\000n\000t\000i\000t\000y\000\040\000a\000t\000\040\000a\000\040\000d\000e\000c\000l\000a\000r\000e\000d\000\040\000f\000l\000o\000o\000r\000:\000\040\000r\000e\000c\000e\000i\000v\000e\000r\000s\000\040\000o\000f\000\040\000a\000\040\000s\000e\000q\000u\000e\000n\000c\000e}{}% 21
\BOOKMARK [1][-]{section.9}{\376\377\000A\000n\000s\000w\000e\000r\000i\000n\000g\000\040\000w\000i\000t\000h\000\040\000g\000r\000o\000u\000n\000d\000i\000n\000g\000\040\000p\000r\000o\000f\000i\000l\000e\000s}{}% 22
\BOOKMARK [1][-]{section.10}{\376\377\000V\000a\000l\000i\000d\000a\000t\000i\000o\000n}{}% 23
\BOOKMARK [2][-]{subsection.10.1}{\376\377\000D\000e\000s\000i\000g\000n\000\040\000a\000n\000d\000\040\000d\000a\000t\000a}{section.10}% 24
\BOOKMARK [2][-]{subsection.10.2}{\376\377\000E\0001\000:\000\040\000g\000e\000n\000o\000t\000y\000p\000e\000\040\000c\000a\000l\000l\000s\000\040\000a\000s\000\040\000t\000h\000r\000e\000e\000-\000v\000a\000l\000u\000e\000d\000\040\000d\000i\000s\000t\000i\000n\000c\000t\000i\000o\000n\000s}{section.10}% 25
\BOOKMARK [2][-]{subsection.10.3}{\376\377\000E\0002\000:\000\040\000g\000e\000n\000e\000r\000i\000c\000i\000t\000y\000\040\000a\000n\000d\000\040\000o\000r\000b\000i\000t\000s}{section.10}% 26
\BOOKMARK [2][-]{subsection.10.4}{\376\377\000E\0003\000:\000\040\000r\000e\000c\000e\000i\000v\000e\000r\000s\000\040\000i\000n\000\040\000p\000u\000b\000l\000i\000s\000h\000e\000d\000\040\000s\000c\000h\000e\000m\000a\000s}{section.10}% 27
\BOOKMARK [2][-]{subsection.10.5}{\376\377\000E\0004\000:\000\040\000v\000e\000r\000d\000i\000c\000t\000s\000\040\000o\000n\000\040\000r\000e\000a\000l\000\040\000a\000n\000n\000o\000t\000a\000t\000i\000o\000n}{section.10}% 28
\BOOKMARK [2][-]{subsection.10.6}{\376\377\000E\0005\000:\000\040\000t\000w\000i\000n\000s}{section.10}% 29
\BOOKMARK [2][-]{subsection.10.7}{\376\377\000E\0006\000:\000\040\000r\000e\000c\000e\000i\000v\000e\000r\000s\000\040\000o\000f\000\040\000a\000\040\000s\000e\000q\000u\000e\000n\000c\000e}{section.10}% 30
\BOOKMARK [2][-]{subsection.10.8}{\376\377\000E\0007\000:\000\040\000a\000n\000s\000w\000e\000r\000s\000\040\000a\000n\000d\000\040\000t\000h\000e\000i\000r\000\040\000g\000r\000o\000u\000n\000d\000i\000n\000g\000\040\000p\000r\000o\000f\000i\000l\000e\000s}{section.10}% 31
\BOOKMARK [1][-]{section.11}{\376\377\000D\000i\000s\000c\000u\000s\000s\000i\000o\000n}{}% 32
\BOOKMARK [2][-]{subsection.11.1}{\376\377\000F\000o\000u\000r\000\040\000w\000a\000y\000s\000\040\000o\000f\000\040\000b\000e\000i\000n\000g\000\040\000t\000h\000e\000\040\000s\000a\000m\000e}{section.11}% 33
\BOOKMARK [2][-]{subsection.11.2}{\376\377\000T\000h\000e\000\040\000o\000u\000t\000s\000i\000d\000e\000\040\000o\000f\000\040\000a\000\040\000r\000e\000c\000o\000r\000d}{section.11}% 34
\BOOKMARK [2][-]{subsection.11.3}{\376\377\000P\000r\000a\000c\000t\000i\000c\000e\000s}{section.11}% 35
\BOOKMARK [2][-]{subsection.11.4}{\376\377\000R\000e\000l\000a\000t\000i\000o\000n\000\040\000t\000o\000\040\000e\000x\000i\000s\000t\000i\000n\000g\000\040\000w\000o\000r\000k}{section.11}% 36
\BOOKMARK [1][-]{section.12}{\376\377\000L\000i\000m\000i\000t\000a\000t\000i\000o\000n\000s}{}% 37
\BOOKMARK [1][-]{section.13}{\376\377\000C\000o\000n\000c\000l\000u\000s\000i\000o\000n}{}% 38
